/data02/sandbox/ssrox-test/HSK0002-10/scan00/ssrox/ssrox_data_000024.h5 //3
/data02/sandbox/ssrox-test/HSK0002-10/scan00/ssrox/ssrox_data_000028.h5 //28
/data02/sandbox/ssrox-test/HSK0002-10/scan00/ssrox/ssrox_data_000028.h5 //29
/data02/sandbox/ssrox-test/HSK0002-10/scan00/ssrox/ssrox_data_000029.h5 //12
/data02/sandbox/ssrox-test/HSK0002-10/scan00/ssrox/ssrox_data_000029.h5 //36
/data02/sandbox/ssrox-test/HSK0002-10/scan00/ssrox/ssrox_data_000033.h5 //17
/data02/sandbox/ssrox-test/HSK0002-10/scan00/ssrox/ssrox_data_000043.h5 //76
/data02/sandbox/ssrox-test/HSK0002-10/scan00/ssrox/ssrox_data_000046.h5 //72
/data02/sandbox/ssrox-test/HSK0002-10/scan00/ssrox/ssrox_data_000058.h5 //53
/data02/sandbox/ssrox-test/HSK0002-10/scan00/ssrox/ssrox_data_000058.h5 //75
/data02/sandbox/ssrox-test/HSK0002-10/scan00/ssrox/ssrox_data_000060.h5 //15
/data02/sandbox/ssrox-test/HSK0002-10/scan00/ssrox/ssrox_data_000060.h5 //16
/data02/sandbox/ssrox-test/HSK0002-10/scan00/ssrox/ssrox_data_000062.h5 //57
/data02/sandbox/ssrox-test/HSK0002-10/scan00/ssrox/ssrox_data_000066.h5 //61
/data02/sandbox/ssrox-test/HSK0002-10/scan00/ssrox/ssrox_data_000066.h5 //62
/data02/sandbox/ssrox-test/HSK0002-10/scan00/ssrox/ssrox_data_000071.h5 //5
/data02/sandbox/ssrox-test/HSK0002-10/scan00/ssrox/ssrox_data_000073.h5 //88
/data02/sandbox/ssrox-test/HSK0002-10/scan00/ssrox/ssrox_data_000076.h5 //55
/data02/sandbox/ssrox-test/HSK0002-10/scan00/ssrox/ssrox_data_000077.h5 //68
/data02/sandbox/ssrox-test/HSK0002-10/scan00/ssrox/ssrox_data_000078.h5 //39
/data02/sandbox/ssrox-test/HSK0002-10/scan00/ssrox/ssrox_data_000083.h5 //59
/data02/sandbox/ssrox-test/HSK0002-10/scan00/ssrox/ssrox_data_000088.h5 //2
/data02/sandbox/ssrox-test/HSK0002-10/scan00/ssrox/ssrox_data_000088.h5 //3
/data02/sandbox/ssrox-test/HSK0002-10/scan00/ssrox/ssrox_data_000089.h5 //22
/data02/sandbox/ssrox-test/HSK0002-10/scan00/ssrox/ssrox_data_000089.h5 //23
/data02/sandbox/ssrox-test/HSK0002-10/scan00/ssrox/ssrox_data_000097.h5 //97
/data02/sandbox/ssrox-test/HSK0002-10/scan00/ssrox/ssrox_data_000103.h5 //69
/data02/sandbox/ssrox-test/HSK0002-10/scan00/ssrox/ssrox_data_000117.h5 //72
/data02/sandbox/ssrox-test/HSK0002-10/scan00/ssrox/ssrox_data_000120.h5 //29
/data02/sandbox/ssrox-test/HSK0002-10/scan00/ssrox/ssrox_data_000133.h5 //67
/data02/sandbox/ssrox-test/HSK0002-10/scan00/ssrox/ssrox_data_000138.h5 //38
/data02/sandbox/ssrox-test/HSK0002-10/scan00/ssrox/ssrox_data_000145.h5 //46
/data02/sandbox/ssrox-test/HSK0002-10/scan00/ssrox/ssrox_data_000147.h5 //98
/data02/sandbox/ssrox-test/HSK0002-10/scan00/ssrox/ssrox_data_000154.h5 //45
/data02/sandbox/ssrox-test/HSK0002-10/scan00/ssrox/ssrox_data_000154.h5 //46
/data02/sandbox/ssrox-test/HSK0002-10/scan00/ssrox/ssrox_data_000155.h5 //18
/data02/sandbox/ssrox-test/HSK0002-10/scan00/ssrox/ssrox_data_000169.h5 //75
/data02/sandbox/ssrox-test/HSK0002-10/scan00/ssrox/ssrox_data_000173.h5 //32
/data02/sandbox/ssrox-test/HSK0002-10/scan00/ssrox/ssrox_data_000184.h5 //76
/data02/sandbox/ssrox-test/HSK0002-10/scan00/ssrox/ssrox_data_000187.h5 //16
/data02/sandbox/ssrox-test/HSK0002-10/scan00/ssrox/ssrox_data_000195.h5 //80
/data02/sandbox/ssrox-test/HSK0002-10/scan00/ssrox/ssrox_data_000196.h5 //1
/data02/sandbox/ssrox-test/HSK0002-10/scan00/ssrox/ssrox_data_000202.h5 //28
/data02/sandbox/ssrox-test/HSK0002-10/scan00/ssrox/ssrox_data_000202.h5 //29
/data02/sandbox/ssrox-test/HSK0002-10/scan00/ssrox/ssrox_data_000223.h5 //71
/data02/sandbox/ssrox-test/HSK0002-10/scan00/ssrox/ssrox_data_000237.h5 //96
/data02/sandbox/ssrox-test/HSK0002-10/scan00/ssrox/ssrox_data_000245.h5 //62
/data02/sandbox/ssrox-test/HSK0002-10/scan00/ssrox/ssrox_data_000245.h5 //63
/data02/sandbox/ssrox-test/HSK0002-10/scan00/ssrox/ssrox_data_000246.h5 //1
/data02/sandbox/ssrox-test/HSK0002-10/scan00/ssrox/ssrox_data_000252.h5 //76
/data02/sandbox/ssrox-test/HSK0002-10/scan00/ssrox/ssrox_data_000252.h5 //79
/data02/sandbox/ssrox-test/HSK0002-10/scan00/ssrox/ssrox_data_000252.h5 //80
/data02/sandbox/ssrox-test/HSK0002-10/scan00/ssrox/ssrox_data_000252.h5 //81
/data02/sandbox/ssrox-test/HSK0002-10/scan00/ssrox/ssrox_data_000252.h5 //82
/data02/sandbox/ssrox-test/HSK0002-10/scan00/ssrox/ssrox_data_000262.h5 //53
/data02/sandbox/ssrox-test/HSK0002-10/scan00/ssrox/ssrox_data_000262.h5 //54
/data02/sandbox/ssrox-test/HSK0002-10/scan00/ssrox/ssrox_data_000262.h5 //55
/data02/sandbox/ssrox-test/HSK0002-10/scan00/ssrox/ssrox_data_000271.h5 //62
/data02/sandbox/ssrox-test/HSK0002-10/scan00/ssrox/ssrox_data_000271.h5 //63
/data02/sandbox/ssrox-test/HSK0002-10/scan00/ssrox/ssrox_data_000273.h5 //10
/data02/sandbox/ssrox-test/HSK0002-10/scan00/ssrox/ssrox_data_000273.h5 //11
/data02/sandbox/ssrox-test/HSK0002-10/scan00/ssrox/ssrox_data_000291.h5 //49
/data02/sandbox/ssrox-test/HSK0002-10/scan00/ssrox/ssrox_data_000295.h5 //20
/data02/sandbox/ssrox-test/HSK0002-10/scan00/ssrox/ssrox_data_000309.h5 //27
/data02/sandbox/ssrox-test/HSK0002-10/scan00/ssrox/ssrox_data_000319.h5 //53
